// Jest Snapshot v1, https://goo.gl/fbAQLP

exports[`tests on <LoginScreen /> should show correctly 1`] = `
Array [
  <h3
    className="auth__title"
  >
    Login
  </h3>,
  <form
    className="animate__animated animate__fadeIn"
    onSubmit={[Function]}
  >
    <input
      autoComplete="off"
      className="auth__input"
      name="email"
      onChange={[Function]}
      placeholder="Correo electrónico"
      type="text"
      value=""
    />
    <input
      className="auth__input"
      name="password"
      onChange={[Function]}
      placeholder="Contraseña"
      type="password"
      value=""
    />
    <button
      className="btn btn-primary btn-block"
      disabled={false}
      type="submit"
    >
      Ingresar
    </button>
    <div
      className="auth__social-networks"
    >
      <p>
        Unete con tus redes sociales :D
      </p>
      <div
        className="google-btn"
        onClick={[Function]}
      >
        <div
          className="google-icon-wrapper"
        >
          <img
            alt="google button"
            className="google-icon"
            src="https://upload.wikimedia.org/wikipedia/commons/5/53/Google_%22G%22_Logo.svg"
          />
        </div>
        <p
          className="btn-text"
        >
          <b>
            Sign in with google
          </b>
        </p>
      </div>
    </div>
    <a
      className="link"
      href="/auth/register"
      onClick={[Function]}
    >
      ¿No tienes cuenta? ¡Crea una aquí!
    </a>
  </form>,
]
`;
